log file
gghhhghg
